// Jest Snapshot v1, https://goo.gl/fbAQLP

exports[`Test in <SearchPage /> musht show defaults values correctly 1`] = `
<div>
  <h1>
    Search
  </h1>
  <hr />
  <div
    class="row"
  >
    <div
      class="col-5"
    >
      <h4>
        Searching
      </h4>
      <hr />
      <form
        aria-label="form"
      >
        <input
          autocomplete="off"
          class="form-control"
          name="searchText"
          placeholder="Search a Hero"
          type="text"
          value=""
        />
        <button
          class="btn btn-outline-primary mt-2"
        >
          Search
        </button>
      </form>
    </div>
    <div
      class="col-7"
    >
      <h5>
        Result
      </h5>
      <hr />
      <div
        aria-label="alert-display"
        class="alert alert-primary animate__animated animate__fadeIn"
      >
        Search a hero
      </div>
      <div
        class="alert alert-danger animate__animated animate__fadeIn"
        style="display: none;"
      >
        No hero with 
        <b />
      </div>
    </div>
  </div>
</div>
`;
